2026/03/28 12:36:09 Loading courses.json...
2026/03/28 12:36:09 Loaded 1 terms
2026/03/28 12:36:09 Loading RMP data...
2026/03/28 12:36:09 Loaded 5496 professors
2026/03/28 12:36:09 Loaded embeddings for term 20263 (1044 courses)
[GIN-debug] [WARNING] Creating an Engine instance with the Logger and Recovery middleware already attached.

[GIN-debug] [WARNING] Running in "debug" mode. Switch to "release" mode in production.
 - using env:	export GIN_MODE=release
 - using code:	gin.SetMode(gin.ReleaseMode)

[GIN-debug] GET    /api/health               --> main.main.func1 (4 handlers)
[GIN-debug] GET    /api/terms                --> main.(*appState).getTerms-fm (4 handlers)
[GIN-debug] GET    /api/courses              --> main.(*appState).getCourses-fm (4 handlers)
[GIN-debug] GET    /api/courses/:id          --> main.(*appState).getCourse-fm (4 handlers)
[GIN-debug] GET    /api/professors/:name     --> main.(*appState).getProfessor-fm (4 handlers)
[GIN-debug] POST   /api/chat                 --> main.(*appState).chat-fm (4 handlers)
2026/03/28 12:36:09 BYU Scheduler API listening on :8000
[GIN-debug] [WARNING] You trusted all proxies, this is NOT safe. We recommend you to set a value.
Please check https://pkg.go.dev/github.com/gin-gonic/gin#readme-don-t-trust-all-proxies for details.
[GIN-debug] Listening and serving HTTP on :8000
[GIN] 2026/03/28 - 12:36:12 | 200 |      37.503µs |       127.0.0.1 | GET      "/api/health"
